{"level":"warn","message":"跳过数据库连接 - MONGODB_URI未配置","timestamp":"2025-08-14T14:15:34.038Z"}
{"environment":"development","level":"info","message":"服务器启动成功","port":"3000","timestamp":"2025-08-14T14:15:34.047Z"}
{"level":"warn","message":"跳过数据库连接 - MONGODB_URI未配置","timestamp":"2025-08-14T14:17:49.098Z"}
{"environment":"development","level":"info","message":"服务器启动成功","port":"3001","timestamp":"2025-08-14T14:17:49.105Z"}
{"level":"info","message":"正在连接数据库...","timestamp":"2025-08-14T14:44:13.023Z"}
{"level":"info","message":"数据库连接成功","timestamp":"2025-08-14T14:44:13.089Z"}
{"environment":"development","level":"info","message":"服务器启动成功","port":"3001","timestamp":"2025-08-14T14:44:13.092Z"}
{"level":"info","message":"正在连接数据库...","timestamp":"2025-08-14T15:28:14.029Z"}
{"level":"info","message":"数据库连接成功","timestamp":"2025-08-14T15:28:14.093Z"}
{"environment":"development","level":"info","message":"服务器启动成功","port":"3001","timestamp":"2025-08-14T15:28:14.096Z"}
{"level":"info","message":"正在连接数据库...","timestamp":"2025-08-14T15:28:31.844Z"}
{"level":"info","message":"数据库连接成功","timestamp":"2025-08-14T15:28:31.899Z"}
{"environment":"development","level":"info","message":"服务器启动成功","port":"3001","timestamp":"2025-08-14T15:28:31.901Z"}
{"level":"info","message":"正在连接数据库...","timestamp":"2025-08-14T15:29:02.194Z"}
{"level":"info","message":"数据库连接成功","timestamp":"2025-08-14T15:29:02.244Z"}
{"environment":"development","level":"info","message":"服务器启动成功","port":"3001","timestamp":"2025-08-14T15:29:02.246Z"}
{"level":"info","message":"正在连接数据库...","timestamp":"2025-08-14T15:29:36.965Z"}
{"level":"info","message":"数据库连接成功","timestamp":"2025-08-14T15:29:37.018Z"}
{"environment":"development","level":"info","message":"服务器启动成功","port":"3001","timestamp":"2025-08-14T15:29:37.020Z"}
{"level":"info","message":"正在连接数据库...","timestamp":"2025-08-14T15:30:22.929Z"}
{"level":"info","message":"数据库连接成功","timestamp":"2025-08-14T15:30:22.982Z"}
{"environment":"development","level":"info","message":"服务器启动成功","port":"3001","timestamp":"2025-08-14T15:30:22.986Z"}
{"level":"info","message":"正在连接数据库...","timestamp":"2025-08-14T15:31:14.985Z"}
{"level":"info","message":"数据库连接成功","timestamp":"2025-08-14T15:31:15.035Z"}
{"environment":"development","level":"info","message":"服务器启动成功","port":"3001","timestamp":"2025-08-14T15:31:15.037Z"}
{"level":"info","message":"正在连接数据库...","timestamp":"2025-08-14T15:31:45.397Z"}
{"level":"info","message":"数据库连接成功","timestamp":"2025-08-14T15:31:45.459Z"}
{"environment":"development","level":"info","message":"服务器启动成功","port":"3001","timestamp":"2025-08-14T15:31:45.462Z"}
{"level":"info","message":"正在连接数据库...","timestamp":"2025-08-14T15:32:05.106Z"}
{"level":"info","message":"数据库连接成功","timestamp":"2025-08-14T15:32:05.168Z"}
{"environment":"development","level":"info","message":"服务器启动成功","port":"3001","timestamp":"2025-08-14T15:32:05.170Z"}
{"level":"info","message":"正在连接数据库...","timestamp":"2025-08-14T15:32:25.269Z"}
{"level":"info","message":"数据库连接成功","timestamp":"2025-08-14T15:32:25.327Z"}
{"environment":"development","level":"info","message":"服务器启动成功","port":"3001","timestamp":"2025-08-14T15:32:25.330Z"}
{"level":"info","message":"正在连接数据库...","timestamp":"2025-08-14T15:34:44.852Z"}
{"level":"info","message":"数据库连接成功","timestamp":"2025-08-14T15:34:44.907Z"}
{"environment":"development","level":"info","message":"服务器启动成功","port":"3001","timestamp":"2025-08-14T15:34:44.909Z"}
{"level":"info","message":"正在连接数据库...","timestamp":"2025-08-14T15:36:39.002Z"}
{"level":"info","message":"数据库连接成功","timestamp":"2025-08-14T15:36:39.053Z"}
{"environment":"development","level":"info","message":"服务器启动成功","port":"3001","timestamp":"2025-08-14T15:36:39.055Z"}
{"level":"info","message":"正在连接数据库...","timestamp":"2025-08-15T06:50:12.330Z"}
{"level":"info","message":"数据库连接成功","timestamp":"2025-08-15T06:50:12.389Z"}
{"environment":"development","level":"info","message":"服务器启动成功","port":"3001","timestamp":"2025-08-15T06:50:12.391Z"}
{"level":"info","message":"正在连接数据库...","timestamp":"2025-08-15T06:50:28.333Z"}
{"level":"info","message":"数据库连接成功","timestamp":"2025-08-15T06:50:28.394Z"}
{"environment":"development","level":"info","message":"服务器启动成功","port":"3001","timestamp":"2025-08-15T06:50:28.398Z"}
{"level":"info","message":"正在连接数据库...","timestamp":"2025-08-15T07:15:52.948Z"}
{"level":"info","message":"数据库连接成功","timestamp":"2025-08-15T07:15:53.000Z"}
{"environment":"development","level":"info","message":"服务器启动成功","port":"3001","timestamp":"2025-08-15T07:15:53.002Z"}
{"level":"info","message":"正在连接数据库...","timestamp":"2025-08-15T07:16:07.282Z"}
{"level":"info","message":"数据库连接成功","timestamp":"2025-08-15T07:16:07.331Z"}
{"environment":"development","level":"info","message":"服务器启动成功","port":"3001","timestamp":"2025-08-15T07:16:07.333Z"}
{"level":"info","message":"正在连接数据库...","timestamp":"2025-08-15T07:16:26.450Z"}
{"level":"info","message":"数据库连接成功","timestamp":"2025-08-15T07:16:26.501Z"}
{"environment":"development","level":"info","message":"服务器启动成功","port":"3001","timestamp":"2025-08-15T07:16:26.503Z"}
{"level":"info","message":"正在连接数据库...","timestamp":"2025-08-15T07:16:50.188Z"}
{"level":"info","message":"数据库连接成功","timestamp":"2025-08-15T07:16:50.239Z"}
{"environment":"development","level":"info","message":"服务器启动成功","port":"3001","timestamp":"2025-08-15T07:16:50.241Z"}
{"level":"info","message":"正在连接数据库...","timestamp":"2025-08-15T07:20:42.808Z"}
{"level":"info","message":"数据库连接成功","timestamp":"2025-08-15T07:20:42.865Z"}
{"environment":"development","level":"info","message":"服务器启动成功","port":"3001","timestamp":"2025-08-15T07:20:42.867Z"}
{"level":"info","message":"正在连接数据库...","timestamp":"2025-08-15T07:27:05.270Z"}
{"level":"info","message":"数据库连接成功","timestamp":"2025-08-15T07:27:05.329Z"}
{"environment":"development","level":"info","message":"服务器启动成功","port":"3001","timestamp":"2025-08-15T07:27:05.331Z"}
{"level":"info","message":"正在连接数据库...","timestamp":"2025-08-15T07:27:27.472Z"}
{"level":"info","message":"数据库连接成功","timestamp":"2025-08-15T07:27:27.532Z"}
{"environment":"development","level":"info","message":"服务器启动成功","port":"3001","timestamp":"2025-08-15T07:27:27.534Z"}
{"level":"info","message":"正在连接数据库...","timestamp":"2025-08-15T07:29:35.517Z"}
{"level":"info","message":"数据库连接成功","timestamp":"2025-08-15T07:29:35.592Z"}
{"environment":"development","level":"info","message":"服务器启动成功","port":"3001","timestamp":"2025-08-15T07:29:35.595Z"}
{"level":"info","message":"正在连接数据库...","timestamp":"2025-08-15T07:30:06.561Z"}
{"level":"info","message":"数据库连接成功","timestamp":"2025-08-15T07:30:06.613Z"}
{"environment":"development","level":"info","message":"服务器启动成功","port":"3001","timestamp":"2025-08-15T07:30:06.615Z"}
{"level":"info","message":"正在连接数据库...","timestamp":"2025-08-15T07:31:27.517Z"}
{"level":"info","message":"数据库连接成功","timestamp":"2025-08-15T07:31:27.576Z"}
{"environment":"development","level":"info","message":"服务器启动成功","port":"3001","timestamp":"2025-08-15T07:31:27.579Z"}
{"level":"info","message":"正在连接数据库...","timestamp":"2025-08-15T07:31:41.788Z"}
{"level":"info","message":"数据库连接成功","timestamp":"2025-08-15T07:31:41.843Z"}
{"environment":"development","level":"info","message":"服务器启动成功","port":"3001","timestamp":"2025-08-15T07:31:41.846Z"}
{"level":"info","message":"正在连接数据库...","timestamp":"2025-08-15T07:33:11.635Z"}
{"level":"info","message":"数据库连接成功","timestamp":"2025-08-15T07:33:11.685Z"}
{"environment":"development","level":"info","message":"服务器启动成功","port":"3001","timestamp":"2025-08-15T07:33:11.688Z"}
{"level":"info","message":"正在连接数据库...","timestamp":"2025-08-15T07:40:51.482Z"}
{"level":"info","message":"数据库连接成功","timestamp":"2025-08-15T07:40:51.539Z"}
{"environment":"development","level":"info","message":"服务器启动成功","port":"3001","timestamp":"2025-08-15T07:40:51.542Z"}
{"level":"info","message":"正在连接数据库...","timestamp":"2025-08-15T07:41:03.565Z"}
{"level":"info","message":"数据库连接成功","timestamp":"2025-08-15T07:41:03.621Z"}
{"environment":"development","level":"info","message":"服务器启动成功","port":"3001","timestamp":"2025-08-15T07:41:03.624Z"}
{"level":"info","message":"正在连接数据库...","timestamp":"2025-08-15T07:41:19.472Z"}
{"level":"info","message":"数据库连接成功","timestamp":"2025-08-15T07:41:19.525Z"}
{"environment":"development","level":"info","message":"服务器启动成功","port":"3001","timestamp":"2025-08-15T07:41:19.527Z"}
{"level":"info","message":"正在连接数据库...","timestamp":"2025-08-15T07:43:35.669Z"}
{"level":"info","message":"数据库连接成功","timestamp":"2025-08-15T07:43:35.732Z"}
{"environment":"development","level":"info","message":"服务器启动成功","port":"3001","timestamp":"2025-08-15T07:43:35.735Z"}
{"level":"info","message":"正在连接数据库...","timestamp":"2025-08-15T08:55:05.537Z"}
{"level":"info","message":"数据库连接成功","timestamp":"2025-08-15T08:55:05.591Z"}
{"environment":"development","level":"info","message":"服务器启动成功","port":"3001","timestamp":"2025-08-15T08:55:05.593Z"}
{"level":"info","message":"正在连接数据库...","timestamp":"2025-08-15T08:55:28.550Z"}
{"level":"info","message":"数据库连接成功","timestamp":"2025-08-15T08:55:28.632Z"}
{"environment":"development","level":"info","message":"服务器启动成功","port":"3001","timestamp":"2025-08-15T08:55:28.636Z"}
{"level":"info","message":"正在连接数据库...","timestamp":"2025-08-15T08:56:12.584Z"}
{"level":"info","message":"数据库连接成功","timestamp":"2025-08-15T08:56:12.635Z"}
{"environment":"development","level":"info","message":"服务器启动成功","port":"3001","timestamp":"2025-08-15T08:56:12.637Z"}
{"level":"info","message":"正在连接数据库...","timestamp":"2025-08-15T08:56:26.969Z"}
{"level":"info","message":"数据库连接成功","timestamp":"2025-08-15T08:56:27.026Z"}
{"environment":"development","level":"info","message":"服务器启动成功","port":"3001","timestamp":"2025-08-15T08:56:27.028Z"}
{"level":"info","message":"正在连接数据库...","timestamp":"2025-08-15T09:12:02.025Z"}
{"level":"info","message":"数据库连接成功","timestamp":"2025-08-15T09:12:02.094Z"}
{"environment":"development","level":"info","message":"服务器启动成功","port":"3001","timestamp":"2025-08-15T09:12:02.097Z"}
{"level":"info","message":"正在连接数据库...","timestamp":"2025-08-15T10:26:17.557Z"}
{"level":"info","message":"数据库连接成功","timestamp":"2025-08-15T10:26:17.617Z"}
{"environment":"development","level":"info","message":"服务器启动成功","port":"3001","timestamp":"2025-08-15T10:26:17.620Z"}
{"level":"info","message":"正在连接数据库...","timestamp":"2025-08-15T10:26:52.888Z"}
{"level":"info","message":"数据库连接成功","timestamp":"2025-08-15T10:26:52.950Z"}
{"environment":"development","level":"info","message":"服务器启动成功","port":"3001","timestamp":"2025-08-15T10:26:52.952Z"}
{"level":"info","message":"正在连接数据库...","timestamp":"2025-08-15T10:27:07.560Z"}
{"level":"info","message":"数据库连接成功","timestamp":"2025-08-15T10:27:07.615Z"}
{"environment":"development","level":"info","message":"服务器启动成功","port":"3001","timestamp":"2025-08-15T10:27:07.617Z"}
{"level":"info","message":"正在连接数据库...","timestamp":"2025-08-15T13:59:01.145Z"}
{"level":"info","message":"数据库连接成功","timestamp":"2025-08-15T13:59:01.200Z"}
{"environment":"development","level":"info","message":"服务器启动成功","port":"3001","timestamp":"2025-08-15T13:59:01.203Z"}
{"level":"info","message":"正在连接数据库...","timestamp":"2025-08-15T13:59:11.160Z"}
{"level":"info","message":"数据库连接成功","timestamp":"2025-08-15T13:59:11.214Z"}
{"environment":"development","level":"info","message":"服务器启动成功","port":"3001","timestamp":"2025-08-15T13:59:11.216Z"}
{"level":"info","message":"正在连接数据库...","timestamp":"2025-08-15T14:17:56.428Z"}
{"level":"info","message":"数据库连接成功","timestamp":"2025-08-15T14:17:56.483Z"}
{"environment":"development","level":"info","message":"服务器启动成功","port":"3001","timestamp":"2025-08-15T14:17:56.486Z"}
{"level":"info","message":"正在连接数据库...","timestamp":"2025-08-15T14:18:40.033Z"}
{"level":"info","message":"数据库连接成功","timestamp":"2025-08-15T14:18:40.088Z"}
{"environment":"development","level":"info","message":"服务器启动成功","port":"3001","timestamp":"2025-08-15T14:18:40.090Z"}
{"level":"info","message":"正在连接数据库...","timestamp":"2025-08-15T14:19:16.303Z"}
{"level":"info","message":"数据库连接成功","timestamp":"2025-08-15T14:19:16.360Z"}
{"environment":"development","level":"info","message":"服务器启动成功","port":"3001","timestamp":"2025-08-15T14:19:16.363Z"}
{"level":"info","message":"正在连接数据库...","timestamp":"2025-08-15T14:20:57.667Z"}
{"level":"info","message":"数据库连接成功","timestamp":"2025-08-15T14:20:57.721Z"}
{"environment":"development","level":"info","message":"服务器启动成功","port":"3001","timestamp":"2025-08-15T14:20:57.723Z"}
{"level":"info","message":"正在连接数据库...","timestamp":"2025-08-15T14:23:14.797Z"}
{"level":"info","message":"数据库连接成功","timestamp":"2025-08-15T14:23:14.856Z"}
{"environment":"development","level":"info","message":"服务器启动成功","port":"3001","timestamp":"2025-08-15T14:23:14.859Z"}
{"level":"info","message":"正在连接数据库...","timestamp":"2025-08-15T14:45:48.234Z"}
{"level":"info","message":"数据库连接成功","timestamp":"2025-08-15T14:45:48.283Z"}
{"environment":"development","level":"info","message":"服务器启动成功","port":"3001","timestamp":"2025-08-15T14:45:48.286Z"}
{"level":"info","message":"正在连接数据库...","timestamp":"2025-08-15T14:45:59.261Z"}
{"level":"info","message":"数据库连接成功","timestamp":"2025-08-15T14:45:59.314Z"}
{"environment":"development","level":"info","message":"服务器启动成功","port":"3001","timestamp":"2025-08-15T14:45:59.317Z"}
{"level":"info","message":"正在连接数据库...","timestamp":"2025-08-15T14:49:57.938Z"}
{"level":"info","message":"数据库连接成功","timestamp":"2025-08-15T14:49:58.005Z"}
{"environment":"development","level":"info","message":"服务器启动成功","port":"3001","timestamp":"2025-08-15T14:49:58.007Z"}
{"level":"info","message":"正在连接数据库...","timestamp":"2025-08-15T15:02:31.735Z"}
{"level":"info","message":"数据库连接成功","timestamp":"2025-08-15T15:02:31.788Z"}
{"environment":"development","level":"info","message":"服务器启动成功","port":"3001","timestamp":"2025-08-15T15:02:31.791Z"}
{"level":"info","message":"正在连接数据库...","timestamp":"2025-08-15T15:02:42.362Z"}
{"level":"info","message":"数据库连接成功","timestamp":"2025-08-15T15:02:42.414Z"}
{"environment":"development","level":"info","message":"服务器启动成功","port":"3001","timestamp":"2025-08-15T15:02:42.416Z"}
{"level":"info","message":"正在连接数据库...","timestamp":"2025-08-15T15:03:46.222Z"}
{"level":"info","message":"数据库连接成功","timestamp":"2025-08-15T15:03:46.292Z"}
{"environment":"development","level":"info","message":"服务器启动成功","port":"3001","timestamp":"2025-08-15T15:03:46.295Z"}
{"level":"info","message":"正在连接数据库...","timestamp":"2025-08-15T15:03:57.687Z"}
{"level":"info","message":"数据库连接成功","timestamp":"2025-08-15T15:03:57.744Z"}
{"environment":"development","level":"info","message":"服务器启动成功","port":"3001","timestamp":"2025-08-15T15:03:57.746Z"}
{"level":"info","message":"正在连接数据库...","timestamp":"2025-08-15T15:04:05.056Z"}
{"level":"info","message":"数据库连接成功","timestamp":"2025-08-15T15:04:05.109Z"}
{"environment":"development","level":"info","message":"服务器启动成功","port":"3001","timestamp":"2025-08-15T15:04:05.111Z"}
{"level":"info","message":"正在连接数据库...","timestamp":"2025-08-15T15:04:11.847Z"}
{"level":"info","message":"数据库连接成功","timestamp":"2025-08-15T15:04:11.903Z"}
{"environment":"development","level":"info","message":"服务器启动成功","port":"3001","timestamp":"2025-08-15T15:04:11.905Z"}
{"level":"info","message":"正在连接数据库...","timestamp":"2025-08-18T09:51:29.261Z"}
{"cause":{"commonWireVersion":0,"compatible":true,"heartbeatFrequencyMS":10000,"localThresholdMS":15,"logicalSessionTimeoutMinutes":null,"maxElectionId":null,"maxSetVersion":null,"servers":{"localhost:27017":{"$clusterTime":null,"address":"localhost:27017","arbiters":[],"electionId":null,"error":{"beforeHandshake":false,"errorLabelSet":{}},"hosts":[],"iscryptd":false,"lastUpdateTime":2542581,"lastWriteDate":0,"logicalSessionTimeoutMinutes":null,"maxBsonObjectSize":null,"maxMessageSizeBytes":null,"maxWireVersion":0,"maxWriteBatchSize":null,"me":null,"minRoundTripTime":0,"minWireVersion":0,"passives":[],"primary":null,"roundTripTime":-1,"setName":null,"setVersion":null,"tags":{},"topologyVersion":null,"type":"Unknown"}},"setName":null,"stale":false,"type":"Unknown"},"errorLabelSet":{},"level":"error","message":"服务器启动失败: connect ECONNREFUSED ::1:27017, connect ECONNREFUSED 127.0.0.1:27017","reason":{"commonWireVersion":0,"compatible":true,"heartbeatFrequencyMS":10000,"localThresholdMS":15,"logicalSessionTimeoutMinutes":null,"maxElectionId":null,"maxSetVersion":null,"servers":{"localhost:27017":{"$clusterTime":null,"address":"localhost:27017","arbiters":[],"electionId":null,"error":{"beforeHandshake":false,"errorLabelSet":{}},"hosts":[],"iscryptd":false,"lastUpdateTime":2542581,"lastWriteDate":0,"logicalSessionTimeoutMinutes":null,"maxBsonObjectSize":null,"maxMessageSizeBytes":null,"maxWireVersion":0,"maxWriteBatchSize":null,"me":null,"minRoundTripTime":0,"minWireVersion":0,"passives":[],"primary":null,"roundTripTime":-1,"setName":null,"setVersion":null,"tags":{},"topologyVersion":null,"type":"Unknown"}},"setName":null,"stale":false,"type":"Unknown"},"stack":"MongooseServerSelectionError: connect ECONNREFUSED ::1:27017, connect ECONNREFUSED 127.0.0.1:27017\n    at _handleConnectionErrors (F:\\5_item\\rural-art-platform\\backend\\node_modules\\mongoose\\lib\\connection.js:1165:11)\n    at NativeConnection.openUri (F:\\5_item\\rural-art-platform\\backend\\node_modules\\mongoose\\lib\\connection.js:1096:11)\n    at async Database.connect (F:\\5_item\\rural-art-platform\\backend\\src\\config\\database.js:40:25)\n    at async startServer (F:\\5_item\\rural-art-platform\\backend\\server.js:57:7)","timestamp":"2025-08-18T09:51:34.300Z"}
{"level":"info","message":"正在连接数据库...","timestamp":"2025-08-18T09:58:10.779Z"}
{"level":"info","message":"数据库连接成功","timestamp":"2025-08-18T09:58:10.845Z"}
{"environment":"development","level":"info","message":"服务器启动成功","port":"3001","timestamp":"2025-08-18T09:58:10.847Z"}
{"level":"info","message":"正在连接数据库...","timestamp":"2025-08-18T11:29:38.979Z"}
{"level":"info","message":"数据库连接成功","timestamp":"2025-08-18T11:29:39.039Z"}
{"environment":"development","level":"info","message":"服务器启动成功","port":"3001","timestamp":"2025-08-18T11:29:39.042Z"}
{"level":"info","message":"正在连接数据库...","timestamp":"2025-08-18T11:50:57.925Z"}
{"level":"info","message":"数据库连接成功","timestamp":"2025-08-18T11:50:57.988Z"}
{"environment":"development","level":"info","message":"服务器启动成功","port":"3001","timestamp":"2025-08-18T11:50:57.991Z"}
{"level":"info","message":"正在连接数据库...","timestamp":"2025-08-18T11:51:13.376Z"}
{"level":"info","message":"数据库连接成功","timestamp":"2025-08-18T11:51:13.430Z"}
{"environment":"development","level":"info","message":"服务器启动成功","port":"3001","timestamp":"2025-08-18T11:51:13.432Z"}
{"level":"info","message":"正在连接数据库...","timestamp":"2025-08-18T11:51:21.046Z"}
{"level":"info","message":"数据库连接成功","timestamp":"2025-08-18T11:51:21.105Z"}
{"environment":"development","level":"info","message":"服务器启动成功","port":"3001","timestamp":"2025-08-18T11:51:21.107Z"}
{"level":"info","message":"正在连接数据库...","timestamp":"2025-08-18T11:55:56.074Z"}
{"level":"info","message":"数据库连接成功","timestamp":"2025-08-18T11:55:56.123Z"}
{"environment":"development","level":"info","message":"服务器启动成功","port":"3001","timestamp":"2025-08-18T11:55:56.126Z"}
{"level":"info","message":"正在连接数据库...","timestamp":"2025-08-18T11:56:06.022Z"}
{"level":"info","message":"数据库连接成功","timestamp":"2025-08-18T11:56:06.077Z"}
{"environment":"development","level":"info","message":"服务器启动成功","port":"3001","timestamp":"2025-08-18T11:56:06.079Z"}
{"level":"info","message":"正在连接数据库...","timestamp":"2025-08-18T12:10:26.769Z"}
{"level":"info","message":"数据库连接成功","timestamp":"2025-08-18T12:10:26.821Z"}
{"environment":"development","level":"info","message":"服务器启动成功","port":"3001","timestamp":"2025-08-18T12:10:26.823Z"}
{"level":"info","message":"正在连接数据库...","timestamp":"2025-08-18T12:31:45.286Z"}
{"level":"info","message":"数据库连接成功","timestamp":"2025-08-18T12:31:45.343Z"}
{"environment":"development","level":"info","message":"服务器启动成功","port":"3001","timestamp":"2025-08-18T12:31:45.345Z"}
{"level":"info","message":"正在连接数据库...","timestamp":"2025-08-18T12:43:36.647Z"}
{"level":"info","message":"数据库连接成功","timestamp":"2025-08-18T12:43:36.707Z"}
{"environment":"development","level":"info","message":"服务器启动成功","port":"3001","timestamp":"2025-08-18T12:43:36.709Z"}
{"level":"info","message":"正在连接数据库...","timestamp":"2025-08-18T12:43:54.149Z"}
{"level":"info","message":"数据库连接成功","timestamp":"2025-08-18T12:43:54.201Z"}
{"environment":"development","level":"info","message":"服务器启动成功","port":"3001","timestamp":"2025-08-18T12:43:54.203Z"}
{"level":"info","message":"正在连接数据库...","timestamp":"2025-08-18T12:44:05.332Z"}
{"level":"info","message":"数据库连接成功","timestamp":"2025-08-18T12:44:05.380Z"}
{"environment":"development","level":"info","message":"服务器启动成功","port":"3001","timestamp":"2025-08-18T12:44:05.382Z"}
{"level":"info","message":"正在连接数据库...","timestamp":"2025-08-18T12:44:20.001Z"}
{"level":"info","message":"数据库连接成功","timestamp":"2025-08-18T12:44:20.057Z"}
{"environment":"development","level":"info","message":"服务器启动成功","port":"3001","timestamp":"2025-08-18T12:44:20.059Z"}
{"level":"info","message":"正在连接数据库...","timestamp":"2025-08-18T12:44:34.779Z"}
{"level":"info","message":"数据库连接成功","timestamp":"2025-08-18T12:44:34.826Z"}
{"environment":"development","level":"info","message":"服务器启动成功","port":"3001","timestamp":"2025-08-18T12:44:34.828Z"}
{"level":"info","message":"正在连接数据库...","timestamp":"2025-08-18T13:09:25.325Z"}
{"level":"info","message":"数据库连接成功","timestamp":"2025-08-18T13:09:25.376Z"}
{"environment":"development","level":"info","message":"服务器启动成功","port":"3001","timestamp":"2025-08-18T13:09:25.378Z"}
{"level":"info","message":"正在连接数据库...","timestamp":"2025-08-18T13:21:44.982Z"}
{"level":"info","message":"数据库连接成功","timestamp":"2025-08-18T13:21:45.037Z"}
{"environment":"development","level":"info","message":"服务器启动成功","port":"3001","timestamp":"2025-08-18T13:21:45.039Z"}
{"level":"info","message":"正在连接数据库...","timestamp":"2025-08-18T13:21:59.633Z"}
{"level":"info","message":"数据库连接成功","timestamp":"2025-08-18T13:21:59.686Z"}
{"environment":"development","level":"info","message":"服务器启动成功","port":"3001","timestamp":"2025-08-18T13:21:59.688Z"}
{"level":"info","message":"正在连接数据库...","timestamp":"2025-08-18T13:22:09.427Z"}
{"level":"info","message":"数据库连接成功","timestamp":"2025-08-18T13:22:09.479Z"}
{"environment":"development","level":"info","message":"服务器启动成功","port":"3001","timestamp":"2025-08-18T13:22:09.482Z"}
{"level":"info","message":"正在连接数据库...","timestamp":"2025-08-18T13:22:36.520Z"}
{"level":"info","message":"数据库连接成功","timestamp":"2025-08-18T13:22:36.576Z"}
{"environment":"development","level":"info","message":"服务器启动成功","port":"3001","timestamp":"2025-08-18T13:22:36.579Z"}
{"level":"info","message":"正在连接数据库...","timestamp":"2025-08-18T13:23:53.890Z"}
{"level":"info","message":"数据库连接成功","timestamp":"2025-08-18T13:23:53.938Z"}
{"environment":"development","level":"info","message":"服务器启动成功","port":"3001","timestamp":"2025-08-18T13:23:53.940Z"}
{"level":"info","message":"正在连接数据库...","timestamp":"2025-08-18T13:25:13.147Z"}
{"level":"info","message":"数据库连接成功","timestamp":"2025-08-18T13:25:13.202Z"}
{"environment":"development","level":"info","message":"服务器启动成功","port":"3001","timestamp":"2025-08-18T13:25:13.204Z"}
{"level":"info","message":"正在连接数据库...","timestamp":"2025-08-18T13:28:31.081Z"}
{"level":"info","message":"数据库连接成功","timestamp":"2025-08-18T13:28:31.152Z"}
{"environment":"development","level":"info","message":"服务器启动成功","port":"3001","timestamp":"2025-08-18T13:28:31.154Z"}
{"level":"info","message":"正在连接数据库...","timestamp":"2025-08-18T13:28:33.553Z"}
{"level":"info","message":"数据库连接成功","timestamp":"2025-08-18T13:28:33.602Z"}
{"environment":"development","level":"info","message":"服务器启动成功","port":"3001","timestamp":"2025-08-18T13:28:33.604Z"}
{"level":"warn","message":"跳过数据库连接 - MONGODB_URI未配置","timestamp":"2025-08-18T23:32:51.457Z"}
{"environment":"development","level":"info","message":"服务器启动成功","port":3000,"timestamp":"2025-08-18T23:32:51.465Z"}
{"level":"info","message":"正在连接数据库...","timestamp":"2025-08-18T23:35:36.463Z"}
{"level":"info","message":"数据库连接成功","timestamp":"2025-08-18T23:35:36.522Z"}
{"environment":"development","level":"info","message":"服务器启动成功","port":"3000","timestamp":"2025-08-18T23:35:36.525Z"}
{"level":"info","message":"正在连接数据库...","timestamp":"2025-08-18T23:36:57.174Z"}
{"level":"info","message":"数据库连接成功","timestamp":"2025-08-18T23:36:57.224Z"}
{"environment":"development","level":"info","message":"服务器启动成功","port":"3001","timestamp":"2025-08-18T23:36:57.226Z"}
{"level":"info","message":"正在连接数据库...","timestamp":"2025-08-18T23:54:57.629Z"}
{"level":"info","message":"数据库连接成功","timestamp":"2025-08-18T23:54:57.682Z"}
{"environment":"development","level":"info","message":"服务器启动成功","port":"3001","timestamp":"2025-08-18T23:54:57.685Z"}
{"level":"info","message":"正在连接数据库...","timestamp":"2025-08-18T23:55:11.247Z"}
{"level":"info","message":"数据库连接成功","timestamp":"2025-08-18T23:55:11.302Z"}
{"environment":"development","level":"info","message":"服务器启动成功","port":"3001","timestamp":"2025-08-18T23:55:11.304Z"}
{"level":"info","message":"正在连接数据库...","timestamp":"2025-08-18T23:59:16.785Z"}
{"level":"info","message":"数据库连接成功","timestamp":"2025-08-18T23:59:16.835Z"}
{"environment":"development","level":"info","message":"服务器启动成功","port":"3001","timestamp":"2025-08-18T23:59:16.838Z"}
{"level":"info","message":"正在连接数据库...","timestamp":"2025-08-18T23:59:27.021Z"}
{"level":"info","message":"数据库连接成功","timestamp":"2025-08-18T23:59:27.071Z"}
{"environment":"development","level":"info","message":"服务器启动成功","port":"3001","timestamp":"2025-08-18T23:59:27.073Z"}
{"level":"info","message":"正在连接数据库...","timestamp":"2025-08-19T01:25:56.329Z"}
{"level":"info","message":"数据库连接成功","timestamp":"2025-08-19T01:25:56.393Z"}
{"environment":"development","level":"info","message":"服务器启动成功","port":"3001","timestamp":"2025-08-19T01:25:56.396Z"}
{"level":"info","message":"正在连接数据库...","timestamp":"2025-08-19T01:38:19.646Z"}
{"level":"info","message":"数据库连接成功","timestamp":"2025-08-19T01:38:19.707Z"}
{"environment":"development","level":"info","message":"服务器启动成功","port":"3001","timestamp":"2025-08-19T01:38:19.711Z"}
{"level":"info","message":"正在连接数据库...","timestamp":"2025-08-19T03:27:24.115Z"}
{"level":"info","message":"数据库连接成功","timestamp":"2025-08-19T03:27:24.194Z"}
{"environment":"development","level":"info","message":"服务器启动成功","port":"3001","timestamp":"2025-08-19T03:27:24.199Z"}
{"level":"info","message":"正在连接数据库...","timestamp":"2025-08-19T03:28:00.623Z"}
{"level":"info","message":"数据库连接成功","timestamp":"2025-08-19T03:28:00.674Z"}
{"environment":"development","level":"info","message":"服务器启动成功","port":"3001","timestamp":"2025-08-19T03:28:00.677Z"}
{"level":"info","message":"正在连接数据库...","timestamp":"2025-08-19T03:30:12.001Z"}
{"level":"info","message":"数据库连接成功","timestamp":"2025-08-19T03:30:12.055Z"}
{"environment":"development","level":"info","message":"服务器启动成功","port":"3001","timestamp":"2025-08-19T03:30:12.058Z"}
{"level":"info","message":"正在连接数据库...","timestamp":"2025-08-19T03:36:36.840Z"}
{"level":"info","message":"数据库连接成功","timestamp":"2025-08-19T03:36:36.897Z"}
{"environment":"development","level":"info","message":"服务器启动成功","port":"3001","timestamp":"2025-08-19T03:36:36.900Z"}
{"level":"info","message":"正在连接数据库...","timestamp":"2025-08-19T03:38:46.693Z"}
{"level":"info","message":"数据库连接成功","timestamp":"2025-08-19T03:38:46.770Z"}
{"environment":"development","level":"info","message":"服务器启动成功","port":"3001","timestamp":"2025-08-19T03:38:46.774Z"}
{"level":"info","message":"正在连接数据库...","timestamp":"2025-08-19T03:39:32.761Z"}
{"level":"info","message":"数据库连接成功","timestamp":"2025-08-19T03:39:32.820Z"}
{"environment":"development","level":"info","message":"服务器启动成功","port":"3001","timestamp":"2025-08-19T03:39:32.823Z"}
{"level":"info","message":"正在连接数据库...","timestamp":"2025-08-19T03:39:58.654Z"}
{"level":"info","message":"数据库连接成功","timestamp":"2025-08-19T03:39:58.742Z"}
{"environment":"development","level":"info","message":"服务器启动成功","port":"3001","timestamp":"2025-08-19T03:39:58.749Z"}
{"level":"info","message":"正在连接数据库...","timestamp":"2025-08-19T03:40:51.448Z"}
{"level":"info","message":"数据库连接成功","timestamp":"2025-08-19T03:40:51.522Z"}
{"environment":"development","level":"info","message":"服务器启动成功","port":"3001","timestamp":"2025-08-19T03:40:51.526Z"}
{"level":"info","message":"正在连接数据库...","timestamp":"2025-08-19T03:41:56.388Z"}
{"level":"info","message":"数据库连接成功","timestamp":"2025-08-19T03:41:56.452Z"}
{"environment":"development","level":"info","message":"服务器启动成功","port":"3001","timestamp":"2025-08-19T03:41:56.457Z"}
{"level":"info","message":"正在连接数据库...","timestamp":"2025-08-19T03:49:54.459Z"}
{"level":"info","message":"数据库连接成功","timestamp":"2025-08-19T03:49:54.513Z"}
{"environment":"development","level":"info","message":"服务器启动成功","port":"3001","timestamp":"2025-08-19T03:49:54.515Z"}
{"level":"info","message":"正在连接数据库...","timestamp":"2025-08-19T05:00:07.522Z"}
{"level":"info","message":"数据库连接成功","timestamp":"2025-08-19T05:00:07.580Z"}
{"environment":"development","level":"info","message":"服务器启动成功","port":"3001","timestamp":"2025-08-19T05:00:07.583Z"}
{"level":"info","message":"正在连接数据库...","timestamp":"2025-08-19T05:03:12.614Z"}
{"level":"info","message":"数据库连接成功","timestamp":"2025-08-19T05:03:12.692Z"}
{"environment":"development","level":"info","message":"服务器启动成功","port":"3001","timestamp":"2025-08-19T05:03:12.696Z"}
{"level":"info","message":"正在连接数据库...","timestamp":"2025-08-19T07:00:13.193Z"}
{"cause":{"commonWireVersion":0,"compatible":true,"heartbeatFrequencyMS":10000,"localThresholdMS":15,"logicalSessionTimeoutMinutes":null,"maxElectionId":null,"maxSetVersion":null,"servers":{"localhost:27017":{"$clusterTime":null,"address":"localhost:27017","arbiters":[],"electionId":null,"error":{"beforeHandshake":false,"errorLabelSet":{}},"hosts":[],"iscryptd":false,"lastUpdateTime":28221980,"lastWriteDate":0,"logicalSessionTimeoutMinutes":null,"maxBsonObjectSize":null,"maxMessageSizeBytes":null,"maxWireVersion":0,"maxWriteBatchSize":null,"me":null,"minRoundTripTime":0,"minWireVersion":0,"passives":[],"primary":null,"roundTripTime":-1,"setName":null,"setVersion":null,"tags":{},"topologyVersion":null,"type":"Unknown"}},"setName":null,"stale":false,"type":"Unknown"},"errorLabelSet":{},"level":"error","message":"服务器启动失败: connect ECONNREFUSED ::1:27017, connect ECONNREFUSED 127.0.0.1:27017","reason":{"commonWireVersion":0,"compatible":true,"heartbeatFrequencyMS":10000,"localThresholdMS":15,"logicalSessionTimeoutMinutes":null,"maxElectionId":null,"maxSetVersion":null,"servers":{"localhost:27017":{"$clusterTime":null,"address":"localhost:27017","arbiters":[],"electionId":null,"error":{"beforeHandshake":false,"errorLabelSet":{}},"hosts":[],"iscryptd":false,"lastUpdateTime":28221980,"lastWriteDate":0,"logicalSessionTimeoutMinutes":null,"maxBsonObjectSize":null,"maxMessageSizeBytes":null,"maxWireVersion":0,"maxWriteBatchSize":null,"me":null,"minRoundTripTime":0,"minWireVersion":0,"passives":[],"primary":null,"roundTripTime":-1,"setName":null,"setVersion":null,"tags":{},"topologyVersion":null,"type":"Unknown"}},"setName":null,"stale":false,"type":"Unknown"},"stack":"MongooseServerSelectionError: connect ECONNREFUSED ::1:27017, connect ECONNREFUSED 127.0.0.1:27017\n    at _handleConnectionErrors (D:\\DDD\\DDD-item\\cuddly-spork\\backend\\node_modules\\mongoose\\lib\\connection.js:1165:11)\n    at NativeConnection.openUri (D:\\DDD\\DDD-item\\cuddly-spork\\backend\\node_modules\\mongoose\\lib\\connection.js:1096:11)\n    at async Database.connect (D:\\DDD\\DDD-item\\cuddly-spork\\backend\\src\\config\\database.js:40:25)\n    at async startServer (D:\\DDD\\DDD-item\\cuddly-spork\\backend\\server.js:57:7)","timestamp":"2025-08-19T07:00:18.223Z"}
{"level":"info","message":"正在连接数据库...","timestamp":"2025-08-19T07:11:03.297Z"}
{"level":"info","message":"数据库连接成功","timestamp":"2025-08-19T07:11:03.364Z"}
{"environment":"development","level":"info","message":"服务器启动成功","port":"3001","timestamp":"2025-08-19T07:11:03.367Z"}
{"level":"info","message":"正在连接数据库...","timestamp":"2025-08-19T08:26:51.394Z"}
{"level":"info","message":"数据库连接成功","timestamp":"2025-08-19T08:26:51.481Z"}
{"environment":"development","level":"info","message":"服务器启动成功","port":"3001","timestamp":"2025-08-19T08:26:51.484Z"}
{"level":"info","message":"正在连接数据库...","timestamp":"2025-08-19T08:27:13.607Z"}
{"level":"info","message":"数据库连接成功","timestamp":"2025-08-19T08:27:13.669Z"}
{"environment":"development","level":"info","message":"服务器启动成功","port":"3001","timestamp":"2025-08-19T08:27:13.672Z"}
{"level":"info","message":"正在连接数据库...","timestamp":"2025-08-19T09:34:02.001Z"}
{"level":"info","message":"数据库连接成功","timestamp":"2025-08-19T09:34:02.084Z"}
{"environment":"development","level":"info","message":"服务器启动成功","port":"3001","timestamp":"2025-08-19T09:34:02.087Z"}
{"level":"info","message":"正在连接数据库...","timestamp":"2025-08-19T10:01:36.616Z"}
{"level":"info","message":"数据库连接成功","timestamp":"2025-08-19T10:01:36.678Z"}
{"environment":"development","level":"info","message":"服务器启动成功","port":"3001","timestamp":"2025-08-19T10:01:36.681Z"}
{"level":"info","message":"正在连接数据库...","timestamp":"2025-08-19T10:02:09.220Z"}
{"level":"info","message":"数据库连接成功","timestamp":"2025-08-19T10:02:09.273Z"}
{"environment":"development","level":"info","message":"服务器启动成功","port":"3001","timestamp":"2025-08-19T10:02:09.275Z"}
{"level":"info","message":"正在连接数据库...","timestamp":"2025-08-19T10:02:20.881Z"}
{"level":"info","message":"数据库连接成功","timestamp":"2025-08-19T10:02:20.943Z"}
{"environment":"development","level":"info","message":"服务器启动成功","port":"3001","timestamp":"2025-08-19T10:02:20.945Z"}
{"level":"info","message":"正在连接数据库...","timestamp":"2025-08-19T10:14:40.268Z"}
{"level":"info","message":"数据库连接成功","timestamp":"2025-08-19T10:14:40.335Z"}
{"environment":"development","level":"info","message":"服务器启动成功","port":"3001","timestamp":"2025-08-19T10:14:40.337Z"}
{"level":"info","message":"正在连接数据库...","timestamp":"2025-08-19T10:15:16.949Z"}
{"level":"info","message":"数据库连接成功","timestamp":"2025-08-19T10:15:17.009Z"}
{"environment":"development","level":"info","message":"服务器启动成功","port":"3001","timestamp":"2025-08-19T10:15:17.011Z"}
{"level":"info","message":"正在连接数据库...","timestamp":"2025-08-19T10:24:50.315Z"}
{"level":"info","message":"数据库连接成功","timestamp":"2025-08-19T10:24:50.369Z"}
{"environment":"development","level":"info","message":"服务器启动成功","port":"3001","timestamp":"2025-08-19T10:24:50.371Z"}
{"level":"info","message":"正在连接数据库...","timestamp":"2025-08-19T10:55:50.794Z"}
{"level":"info","message":"数据库连接成功","timestamp":"2025-08-19T10:55:50.853Z"}
{"environment":"development","level":"info","message":"服务器启动成功","port":"3001","timestamp":"2025-08-19T10:55:50.855Z"}
{"level":"info","message":"正在连接数据库...","timestamp":"2025-08-19T10:56:17.868Z"}
{"level":"info","message":"数据库连接成功","timestamp":"2025-08-19T10:56:17.939Z"}
{"environment":"development","level":"info","message":"服务器启动成功","port":"3001","timestamp":"2025-08-19T10:56:17.942Z"}
{"level":"info","message":"正在连接数据库...","timestamp":"2025-08-19T10:56:49.599Z"}
{"level":"info","message":"数据库连接成功","timestamp":"2025-08-19T10:56:49.652Z"}
{"environment":"development","level":"info","message":"服务器启动成功","port":"3001","timestamp":"2025-08-19T10:56:49.654Z"}
{"level":"info","message":"正在连接数据库...","timestamp":"2025-08-19T10:57:08.868Z"}
{"level":"info","message":"数据库连接成功","timestamp":"2025-08-19T10:57:08.921Z"}
{"environment":"development","level":"info","message":"服务器启动成功","port":"3001","timestamp":"2025-08-19T10:57:08.923Z"}
{"level":"info","message":"正在连接数据库...","timestamp":"2025-08-19T11:59:06.198Z"}
{"level":"info","message":"数据库连接成功","timestamp":"2025-08-19T11:59:06.252Z"}
{"environment":"development","level":"info","message":"服务器启动成功","port":"3001","timestamp":"2025-08-19T11:59:06.254Z"}
{"level":"info","message":"正在连接数据库...","timestamp":"2025-08-19T11:59:17.879Z"}
{"level":"info","message":"数据库连接成功","timestamp":"2025-08-19T11:59:17.928Z"}
{"environment":"development","level":"info","message":"服务器启动成功","port":"3001","timestamp":"2025-08-19T11:59:17.931Z"}
{"level":"info","message":"正在连接数据库...","timestamp":"2025-08-19T12:09:28.005Z"}
{"level":"info","message":"数据库连接成功","timestamp":"2025-08-19T12:09:28.066Z"}
{"environment":"development","level":"info","message":"服务器启动成功","port":"3001","timestamp":"2025-08-19T12:09:28.071Z"}
{"level":"info","message":"正在连接数据库...","timestamp":"2025-08-19T12:11:54.094Z"}
{"level":"info","message":"数据库连接成功","timestamp":"2025-08-19T12:11:54.174Z"}
{"environment":"development","level":"info","message":"服务器启动成功","port":"3001","timestamp":"2025-08-19T12:11:54.177Z"}
{"level":"info","message":"正在连接数据库...","timestamp":"2025-08-19T12:13:06.171Z"}
{"level":"info","message":"数据库连接成功","timestamp":"2025-08-19T12:13:06.225Z"}
{"environment":"development","level":"info","message":"服务器启动成功","port":"3001","timestamp":"2025-08-19T12:13:06.227Z"}
{"level":"info","message":"正在连接数据库...","timestamp":"2025-08-19T12:24:14.758Z"}
{"level":"info","message":"数据库连接成功","timestamp":"2025-08-19T12:24:14.807Z"}
{"environment":"development","level":"info","message":"服务器启动成功","port":"3001","timestamp":"2025-08-19T12:24:14.810Z"}
{"level":"info","message":"正在连接数据库...","timestamp":"2025-08-19T12:30:39.569Z"}
{"level":"info","message":"数据库连接成功","timestamp":"2025-08-19T12:30:39.639Z"}
{"environment":"development","level":"info","message":"服务器启动成功","port":"3001","timestamp":"2025-08-19T12:30:39.642Z"}
{"level":"info","message":"正在连接数据库...","timestamp":"2025-08-19T12:30:47.066Z"}
{"level":"info","message":"数据库连接成功","timestamp":"2025-08-19T12:30:47.118Z"}
{"environment":"development","level":"info","message":"服务器启动成功","port":"3001","timestamp":"2025-08-19T12:30:47.120Z"}
{"level":"info","message":"正在连接数据库...","timestamp":"2025-08-19T12:31:02.814Z"}
{"level":"info","message":"数据库连接成功","timestamp":"2025-08-19T12:31:02.869Z"}
{"environment":"development","level":"info","message":"服务器启动成功","port":"3001","timestamp":"2025-08-19T12:31:02.871Z"}
{"level":"info","message":"正在连接数据库...","timestamp":"2025-08-19T12:40:34.609Z"}
{"level":"info","message":"数据库连接成功","timestamp":"2025-08-19T12:40:34.661Z"}
{"environment":"development","level":"info","message":"服务器启动成功","port":"3001","timestamp":"2025-08-19T12:40:34.663Z"}
{"level":"info","message":"正在连接数据库...","timestamp":"2025-08-19T14:24:24.912Z"}
{"level":"info","message":"数据库连接成功","timestamp":"2025-08-19T14:24:25.015Z"}
{"environment":"development","level":"info","message":"服务器启动成功","port":"3001","timestamp":"2025-08-19T14:24:25.017Z"}
{"level":"info","message":"正在连接数据库...","timestamp":"2025-08-19T14:24:49.191Z"}
{"level":"info","message":"数据库连接成功","timestamp":"2025-08-19T14:24:49.247Z"}
{"environment":"development","level":"info","message":"服务器启动成功","port":"3000","timestamp":"2025-08-19T14:24:49.249Z"}
{"level":"info","message":"正在连接数据库...","timestamp":"2025-08-19T14:33:43.217Z"}
{"level":"info","message":"数据库连接成功","timestamp":"2025-08-19T14:33:43.275Z"}
{"environment":"development","level":"info","message":"服务器启动成功","port":"3000","timestamp":"2025-08-19T14:33:43.278Z"}
{"level":"info","message":"正在连接数据库...","timestamp":"2025-08-19T14:45:40.720Z"}
{"level":"info","message":"数据库连接成功","timestamp":"2025-08-19T14:45:40.791Z"}
{"environment":"development","level":"info","message":"服务器启动成功","port":"3000","timestamp":"2025-08-19T14:45:40.793Z"}
{"level":"info","message":"正在连接数据库...","timestamp":"2025-08-19T14:46:16.048Z"}
{"level":"info","message":"数据库连接成功","timestamp":"2025-08-19T14:46:16.105Z"}
{"environment":"development","level":"info","message":"服务器启动成功","port":"3000","timestamp":"2025-08-19T14:46:16.108Z"}
{"level":"info","message":"正在连接数据库...","timestamp":"2025-08-19T14:46:48.305Z"}
{"level":"info","message":"数据库连接成功","timestamp":"2025-08-19T14:46:48.367Z"}
{"environment":"development","level":"info","message":"服务器启动成功","port":"3000","timestamp":"2025-08-19T14:46:48.369Z"}
{"level":"info","message":"正在连接数据库...","timestamp":"2025-08-20T00:08:14.089Z"}
{"level":"info","message":"数据库连接成功","timestamp":"2025-08-20T00:08:14.161Z"}
{"environment":"development","level":"info","message":"服务器启动成功","port":"3001","timestamp":"2025-08-20T00:08:14.165Z"}
{"level":"info","message":"正在连接数据库...","timestamp":"2025-08-20T00:33:00.099Z"}
{"level":"info","message":"数据库连接成功","timestamp":"2025-08-20T00:33:00.193Z"}
{"environment":"development","level":"info","message":"服务器启动成功","port":"3001","timestamp":"2025-08-20T00:33:00.196Z"}
{"level":"info","message":"正在连接数据库...","timestamp":"2025-08-20T00:53:20.980Z"}
{"level":"info","message":"数据库连接成功","timestamp":"2025-08-20T00:53:21.044Z"}
{"environment":"development","level":"info","message":"服务器启动成功","port":"3001","timestamp":"2025-08-20T00:53:21.047Z"}
{"level":"info","message":"正在连接数据库...","timestamp":"2025-08-20T01:40:58.013Z"}
{"level":"info","message":"数据库连接成功","timestamp":"2025-08-20T01:40:58.066Z"}
{"environment":"development","level":"info","message":"服务器启动成功","port":"3001","timestamp":"2025-08-20T01:40:58.069Z"}
{"level":"info","message":"收到SIGINT信号，开始优雅关闭服务器...","timestamp":"2025-08-20T02:33:05.729Z"}
{"level":"info","message":"正在连接数据库...","timestamp":"2025-08-20T02:33:13.064Z"}
{"level":"info","message":"数据库连接成功","timestamp":"2025-08-20T02:33:13.120Z"}
{"environment":"development","level":"info","message":"服务器启动成功","port":"3001","timestamp":"2025-08-20T02:33:13.122Z"}
{"level":"info","message":"收到SIGINT信号，开始优雅关闭服务器...","timestamp":"2025-08-20T02:35:46.537Z"}
{"level":"info","message":"正在连接数据库...","timestamp":"2025-08-20T02:38:47.360Z"}
{"level":"info","message":"数据库连接成功","timestamp":"2025-08-20T02:38:47.412Z"}
{"environment":"development","level":"info","message":"服务器启动成功","port":"3001","timestamp":"2025-08-20T02:38:47.415Z"}
{"level":"info","message":"收到SIGINT信号，开始优雅关闭服务器...","timestamp":"2025-08-20T02:44:54.902Z"}
{"level":"info","message":"正在连接数据库...","timestamp":"2025-08-20T02:45:41.890Z"}
{"level":"info","message":"数据库连接成功","timestamp":"2025-08-20T02:45:41.943Z"}
{"environment":"development","level":"info","message":"服务器启动成功","port":"3001","timestamp":"2025-08-20T02:45:41.946Z"}
{"level":"info","message":"正在连接数据库...","timestamp":"2025-08-20T03:03:14.397Z"}
{"level":"info","message":"数据库连接成功","timestamp":"2025-08-20T03:03:14.492Z"}
{"environment":"development","level":"info","message":"服务器启动成功","port":"3001","timestamp":"2025-08-20T03:03:14.497Z"}
{"level":"info","message":"正在连接数据库...","timestamp":"2025-08-20T03:03:28.973Z"}
{"level":"info","message":"数据库连接成功","timestamp":"2025-08-20T03:03:29.032Z"}
{"environment":"development","level":"info","message":"服务器启动成功","port":"3001","timestamp":"2025-08-20T03:03:29.035Z"}
{"level":"info","message":"正在连接数据库...","timestamp":"2025-08-20T03:03:37.991Z"}
{"level":"info","message":"数据库连接成功","timestamp":"2025-08-20T03:03:38.063Z"}
{"environment":"development","level":"info","message":"服务器启动成功","port":"3001","timestamp":"2025-08-20T03:03:38.068Z"}
{"level":"info","message":"正在连接数据库...","timestamp":"2025-08-20T03:18:17.253Z"}
{"level":"info","message":"数据库连接成功","timestamp":"2025-08-20T03:18:17.315Z"}
{"environment":"development","level":"info","message":"服务器启动成功","port":"3001","timestamp":"2025-08-20T03:18:17.318Z"}
{"level":"info","message":"正在连接数据库...","timestamp":"2025-08-20T03:18:26.833Z"}
{"level":"info","message":"数据库连接成功","timestamp":"2025-08-20T03:18:26.890Z"}
{"environment":"development","level":"info","message":"服务器启动成功","port":"3001","timestamp":"2025-08-20T03:18:26.894Z"}
{"level":"info","message":"收到SIGINT信号，开始优雅关闭服务器...","timestamp":"2025-08-20T03:44:00.001Z"}
{"level":"info","message":"正在连接数据库...","timestamp":"2025-08-20T03:44:43.347Z"}
{"level":"info","message":"数据库连接成功","timestamp":"2025-08-20T03:44:43.400Z"}
{"environment":"development","level":"info","message":"服务器启动成功","port":"3001","timestamp":"2025-08-20T03:44:43.402Z"}
{"level":"info","message":"正在连接数据库...","timestamp":"2025-08-20T03:57:07.475Z"}
{"level":"info","message":"数据库连接成功","timestamp":"2025-08-20T03:57:07.539Z"}
{"environment":"development","level":"info","message":"服务器启动成功","port":"3001","timestamp":"2025-08-20T03:57:07.543Z"}
{"level":"info","message":"正在连接数据库...","timestamp":"2025-08-20T03:57:32.434Z"}
{"level":"info","message":"数据库连接成功","timestamp":"2025-08-20T03:57:32.491Z"}
{"environment":"development","level":"info","message":"服务器启动成功","port":"3001","timestamp":"2025-08-20T03:57:32.494Z"}
{"level":"info","message":"正在连接数据库...","timestamp":"2025-08-20T03:58:14.299Z"}
{"level":"info","message":"数据库连接成功","timestamp":"2025-08-20T03:58:14.361Z"}
{"environment":"development","level":"info","message":"服务器启动成功","port":"3001","timestamp":"2025-08-20T03:58:14.364Z"}
{"level":"info","message":"正在连接数据库...","timestamp":"2025-08-20T03:59:43.143Z"}
{"level":"info","message":"数据库连接成功","timestamp":"2025-08-20T03:59:43.205Z"}
{"environment":"development","level":"info","message":"服务器启动成功","port":"3001","timestamp":"2025-08-20T03:59:43.208Z"}
{"level":"info","message":"正在连接数据库...","timestamp":"2025-08-20T03:59:53.393Z"}
{"level":"info","message":"数据库连接成功","timestamp":"2025-08-20T03:59:53.447Z"}
{"environment":"development","level":"info","message":"服务器启动成功","port":"3001","timestamp":"2025-08-20T03:59:53.450Z"}
{"level":"info","message":"正在连接数据库...","timestamp":"2025-08-20T04:25:41.078Z"}
{"level":"info","message":"数据库连接成功","timestamp":"2025-08-20T04:25:41.146Z"}
{"environment":"development","level":"info","message":"服务器启动成功","port":"3001","timestamp":"2025-08-20T04:25:41.149Z"}
{"level":"info","message":"正在连接数据库...","timestamp":"2025-08-20T04:26:22.851Z"}
{"level":"info","message":"数据库连接成功","timestamp":"2025-08-20T04:26:22.907Z"}
{"environment":"development","level":"info","message":"服务器启动成功","port":"3001","timestamp":"2025-08-20T04:26:22.909Z"}
{"level":"info","message":"正在连接数据库...","timestamp":"2025-08-20T05:12:04.281Z"}
{"level":"info","message":"数据库连接成功","timestamp":"2025-08-20T05:12:04.343Z"}
{"environment":"development","level":"info","message":"服务器启动成功","port":"3001","timestamp":"2025-08-20T05:12:04.346Z"}
{"level":"info","message":"正在连接数据库...","timestamp":"2025-08-20T05:12:29.018Z"}
{"level":"info","message":"数据库连接成功","timestamp":"2025-08-20T05:12:29.079Z"}
{"environment":"development","level":"info","message":"服务器启动成功","port":"3001","timestamp":"2025-08-20T05:12:29.082Z"}
{"level":"info","message":"正在连接数据库...","timestamp":"2025-08-20T05:12:54.500Z"}
{"level":"info","message":"数据库连接成功","timestamp":"2025-08-20T05:12:54.590Z"}
{"environment":"development","level":"info","message":"服务器启动成功","port":"3001","timestamp":"2025-08-20T05:12:54.593Z"}
{"level":"info","message":"正在连接数据库...","timestamp":"2025-08-20T05:13:51.858Z"}
{"level":"info","message":"数据库连接成功","timestamp":"2025-08-20T05:13:51.916Z"}
{"environment":"development","level":"info","message":"服务器启动成功","port":"3001","timestamp":"2025-08-20T05:13:51.919Z"}
{"level":"info","message":"正在连接数据库...","timestamp":"2025-08-20T05:14:54.679Z"}
{"level":"info","message":"数据库连接成功","timestamp":"2025-08-20T05:14:54.734Z"}
{"environment":"development","level":"info","message":"服务器启动成功","port":"3001","timestamp":"2025-08-20T05:14:54.736Z"}
{"level":"info","message":"正在连接数据库...","timestamp":"2025-08-20T05:16:08.162Z"}
{"level":"info","message":"数据库连接成功","timestamp":"2025-08-20T05:16:08.220Z"}
{"environment":"development","level":"info","message":"服务器启动成功","port":"3001","timestamp":"2025-08-20T05:16:08.223Z"}
{"level":"info","message":"正在连接数据库...","timestamp":"2025-08-20T05:16:30.094Z"}
{"level":"info","message":"数据库连接成功","timestamp":"2025-08-20T05:16:30.160Z"}
{"environment":"development","level":"info","message":"服务器启动成功","port":"3001","timestamp":"2025-08-20T05:16:30.163Z"}
{"level":"info","message":"正在连接数据库...","timestamp":"2025-08-20T05:16:37.426Z"}
{"level":"info","message":"数据库连接成功","timestamp":"2025-08-20T05:16:37.483Z"}
{"environment":"development","level":"info","message":"服务器启动成功","port":"3001","timestamp":"2025-08-20T05:16:37.486Z"}
{"level":"info","message":"正在连接数据库...","timestamp":"2025-08-20T05:16:45.836Z"}
{"level":"info","message":"数据库连接成功","timestamp":"2025-08-20T05:16:45.911Z"}
{"environment":"development","level":"info","message":"服务器启动成功","port":"3001","timestamp":"2025-08-20T05:16:45.916Z"}
{"level":"info","message":"正在连接数据库...","timestamp":"2025-08-20T05:18:13.060Z"}
{"level":"info","message":"数据库连接成功","timestamp":"2025-08-20T05:18:13.120Z"}
{"environment":"development","level":"info","message":"服务器启动成功","port":"3001","timestamp":"2025-08-20T05:18:13.123Z"}
{"level":"info","message":"正在连接数据库...","timestamp":"2025-08-20T05:20:35.712Z"}
{"level":"info","message":"数据库连接成功","timestamp":"2025-08-20T05:20:35.773Z"}
{"environment":"development","level":"info","message":"服务器启动成功","port":"3001","timestamp":"2025-08-20T05:20:35.776Z"}
{"level":"info","message":"正在连接数据库...","timestamp":"2025-08-20T05:21:50.210Z"}
{"level":"info","message":"数据库连接成功","timestamp":"2025-08-20T05:21:50.273Z"}
{"environment":"development","level":"info","message":"服务器启动成功","port":"3001","timestamp":"2025-08-20T05:21:50.276Z"}
{"level":"info","message":"正在连接数据库...","timestamp":"2025-08-20T05:22:05.835Z"}
{"level":"info","message":"数据库连接成功","timestamp":"2025-08-20T05:22:05.891Z"}
{"environment":"development","level":"info","message":"服务器启动成功","port":"3001","timestamp":"2025-08-20T05:22:05.894Z"}
{"level":"info","message":"正在连接数据库...","timestamp":"2025-08-20T05:23:01.281Z"}
{"level":"info","message":"数据库连接成功","timestamp":"2025-08-20T05:23:01.345Z"}
{"environment":"development","level":"info","message":"服务器启动成功","port":"3001","timestamp":"2025-08-20T05:23:01.349Z"}
{"level":"info","message":"正在连接数据库...","timestamp":"2025-08-20T05:23:26.351Z"}
{"level":"info","message":"数据库连接成功","timestamp":"2025-08-20T05:23:26.408Z"}
{"environment":"development","level":"info","message":"服务器启动成功","port":"3001","timestamp":"2025-08-20T05:23:26.412Z"}
{"level":"info","message":"正在连接数据库...","timestamp":"2025-08-20T05:23:40.608Z"}
{"level":"info","message":"数据库连接成功","timestamp":"2025-08-20T05:23:40.661Z"}
{"environment":"development","level":"info","message":"服务器启动成功","port":"3001","timestamp":"2025-08-20T05:23:40.664Z"}
{"level":"info","message":"正在连接数据库...","timestamp":"2025-08-20T05:24:13.139Z"}
{"level":"info","message":"数据库连接成功","timestamp":"2025-08-20T05:24:13.193Z"}
{"environment":"development","level":"info","message":"服务器启动成功","port":"3001","timestamp":"2025-08-20T05:24:13.195Z"}
{"level":"info","message":"正在连接数据库...","timestamp":"2025-08-20T05:24:36.257Z"}
{"level":"info","message":"数据库连接成功","timestamp":"2025-08-20T05:24:36.307Z"}
{"environment":"development","level":"info","message":"服务器启动成功","port":"3001","timestamp":"2025-08-20T05:24:36.310Z"}
{"level":"info","message":"正在连接数据库...","timestamp":"2025-08-20T05:25:21.085Z"}
{"level":"info","message":"数据库连接成功","timestamp":"2025-08-20T05:25:21.147Z"}
{"environment":"development","level":"info","message":"服务器启动成功","port":"3001","timestamp":"2025-08-20T05:25:21.150Z"}
{"level":"info","message":"正在连接数据库...","timestamp":"2025-08-20T05:25:34.042Z"}
{"level":"info","message":"数据库连接成功","timestamp":"2025-08-20T05:25:34.096Z"}
{"environment":"development","level":"info","message":"服务器启动成功","port":"3001","timestamp":"2025-08-20T05:25:34.099Z"}
{"level":"info","message":"正在连接数据库...","timestamp":"2025-08-20T05:29:56.285Z"}
{"level":"info","message":"数据库连接成功","timestamp":"2025-08-20T05:29:56.343Z"}
{"environment":"development","level":"info","message":"服务器启动成功","port":"3001","timestamp":"2025-08-20T05:29:56.347Z"}
{"level":"info","message":"正在连接数据库...","timestamp":"2025-08-20T05:30:37.772Z"}
{"level":"info","message":"数据库连接成功","timestamp":"2025-08-20T05:30:37.834Z"}
{"environment":"development","level":"info","message":"服务器启动成功","port":"3001","timestamp":"2025-08-20T05:30:37.837Z"}
{"level":"info","message":"正在连接数据库...","timestamp":"2025-08-20T05:31:14.651Z"}
{"level":"info","message":"数据库连接成功","timestamp":"2025-08-20T05:31:14.732Z"}
{"environment":"development","level":"info","message":"服务器启动成功","port":"3001","timestamp":"2025-08-20T05:31:14.736Z"}
{"level":"info","message":"正在连接数据库...","timestamp":"2025-08-20T05:31:26.877Z"}
{"level":"info","message":"数据库连接成功","timestamp":"2025-08-20T05:31:26.934Z"}
{"environment":"development","level":"info","message":"服务器启动成功","port":"3001","timestamp":"2025-08-20T05:31:26.937Z"}
{"level":"info","message":"正在连接数据库...","timestamp":"2025-08-20T05:32:10.575Z"}
{"level":"info","message":"数据库连接成功","timestamp":"2025-08-20T05:32:10.627Z"}
{"environment":"development","level":"info","message":"服务器启动成功","port":"3001","timestamp":"2025-08-20T05:32:10.630Z"}
{"level":"info","message":"正在连接数据库...","timestamp":"2025-08-20T05:32:44.510Z"}
{"level":"info","message":"数据库连接成功","timestamp":"2025-08-20T05:32:44.576Z"}
{"environment":"development","level":"info","message":"服务器启动成功","port":"3001","timestamp":"2025-08-20T05:32:44.580Z"}
{"level":"info","message":"正在连接数据库...","timestamp":"2025-08-20T05:33:11.104Z"}
{"level":"info","message":"数据库连接成功","timestamp":"2025-08-20T05:33:11.162Z"}
{"environment":"development","level":"info","message":"服务器启动成功","port":"3001","timestamp":"2025-08-20T05:33:11.165Z"}
{"level":"info","message":"正在连接数据库...","timestamp":"2025-08-20T05:37:53.496Z"}
{"level":"info","message":"数据库连接成功","timestamp":"2025-08-20T05:37:53.561Z"}
{"environment":"development","level":"info","message":"服务器启动成功","port":"3001","timestamp":"2025-08-20T05:37:53.564Z"}
{"level":"info","message":"正在连接数据库...","timestamp":"2025-08-20T05:38:07.223Z"}
{"level":"info","message":"数据库连接成功","timestamp":"2025-08-20T05:38:07.276Z"}
{"environment":"development","level":"info","message":"服务器启动成功","port":"3001","timestamp":"2025-08-20T05:38:07.278Z"}
{"level":"info","message":"正在连接数据库...","timestamp":"2025-08-20T05:38:31.734Z"}
{"level":"info","message":"数据库连接成功","timestamp":"2025-08-20T05:38:31.787Z"}
{"environment":"development","level":"info","message":"服务器启动成功","port":"3001","timestamp":"2025-08-20T05:38:31.790Z"}
{"level":"info","message":"正在连接数据库...","timestamp":"2025-08-20T05:39:07.628Z"}
{"level":"info","message":"数据库连接成功","timestamp":"2025-08-20T05:39:07.681Z"}
{"environment":"development","level":"info","message":"服务器启动成功","port":"3001","timestamp":"2025-08-20T05:39:07.684Z"}
{"level":"info","message":"正在连接数据库...","timestamp":"2025-08-20T05:39:26.424Z"}
{"level":"info","message":"数据库连接成功","timestamp":"2025-08-20T05:39:26.496Z"}
{"environment":"development","level":"info","message":"服务器启动成功","port":"3001","timestamp":"2025-08-20T05:39:26.500Z"}
{"level":"info","message":"正在连接数据库...","timestamp":"2025-08-20T05:39:45.222Z"}
{"level":"info","message":"数据库连接成功","timestamp":"2025-08-20T05:39:45.280Z"}
{"environment":"development","level":"info","message":"服务器启动成功","port":"3001","timestamp":"2025-08-20T05:39:45.283Z"}
{"level":"info","message":"正在连接数据库...","timestamp":"2025-08-20T05:40:10.594Z"}
{"level":"info","message":"数据库连接成功","timestamp":"2025-08-20T05:40:10.646Z"}
{"environment":"development","level":"info","message":"服务器启动成功","port":"3001","timestamp":"2025-08-20T05:40:10.649Z"}
{"level":"info","message":"正在连接数据库...","timestamp":"2025-08-20T05:40:31.523Z"}
{"level":"info","message":"数据库连接成功","timestamp":"2025-08-20T05:40:31.581Z"}
{"environment":"development","level":"info","message":"服务器启动成功","port":"3001","timestamp":"2025-08-20T05:40:31.584Z"}
{"level":"info","message":"正在连接数据库...","timestamp":"2025-08-20T05:44:21.928Z"}
{"level":"info","message":"数据库连接成功","timestamp":"2025-08-20T05:44:21.980Z"}
{"environment":"development","level":"info","message":"服务器启动成功","port":"3001","timestamp":"2025-08-20T05:44:21.982Z"}
{"level":"info","message":"正在连接数据库...","timestamp":"2025-08-20T05:45:09.717Z"}
{"level":"info","message":"数据库连接成功","timestamp":"2025-08-20T05:45:09.776Z"}
{"environment":"development","level":"info","message":"服务器启动成功","port":"3001","timestamp":"2025-08-20T05:45:09.779Z"}
{"level":"info","message":"正在连接数据库...","timestamp":"2025-08-20T05:45:49.614Z"}
{"level":"info","message":"数据库连接成功","timestamp":"2025-08-20T05:45:49.670Z"}
{"environment":"development","level":"info","message":"服务器启动成功","port":"3001","timestamp":"2025-08-20T05:45:49.673Z"}
{"level":"info","message":"正在连接数据库...","timestamp":"2025-08-20T05:46:23.238Z"}
{"level":"info","message":"数据库连接成功","timestamp":"2025-08-20T05:46:23.290Z"}
{"environment":"development","level":"info","message":"服务器启动成功","port":"3001","timestamp":"2025-08-20T05:46:23.293Z"}
{"level":"info","message":"正在连接数据库...","timestamp":"2025-08-20T05:46:56.524Z"}
{"level":"info","message":"数据库连接成功","timestamp":"2025-08-20T05:46:56.575Z"}
{"environment":"development","level":"info","message":"服务器启动成功","port":"3001","timestamp":"2025-08-20T05:46:56.578Z"}
{"level":"info","message":"正在连接数据库...","timestamp":"2025-08-20T05:47:27.650Z"}
{"level":"info","message":"数据库连接成功","timestamp":"2025-08-20T05:47:27.701Z"}
{"environment":"development","level":"info","message":"服务器启动成功","port":"3001","timestamp":"2025-08-20T05:47:27.703Z"}
{"level":"info","message":"正在连接数据库...","timestamp":"2025-08-20T05:49:47.745Z"}
{"level":"info","message":"数据库连接成功","timestamp":"2025-08-20T05:49:47.806Z"}
{"environment":"development","level":"info","message":"服务器启动成功","port":"3001","timestamp":"2025-08-20T05:49:47.811Z"}
{"level":"info","message":"正在连接数据库...","timestamp":"2025-08-20T05:50:05.862Z"}
{"level":"info","message":"数据库连接成功","timestamp":"2025-08-20T05:50:05.915Z"}
{"environment":"development","level":"info","message":"服务器启动成功","port":"3001","timestamp":"2025-08-20T05:50:05.918Z"}
{"level":"info","message":"正在连接数据库...","timestamp":"2025-08-20T05:50:26.999Z"}
{"level":"info","message":"数据库连接成功","timestamp":"2025-08-20T05:50:27.059Z"}
{"environment":"development","level":"info","message":"服务器启动成功","port":"3001","timestamp":"2025-08-20T05:50:27.064Z"}
{"level":"info","message":"正在连接数据库...","timestamp":"2025-08-20T05:51:15.429Z"}
{"level":"info","message":"数据库连接成功","timestamp":"2025-08-20T05:51:15.502Z"}
{"environment":"development","level":"info","message":"服务器启动成功","port":"3001","timestamp":"2025-08-20T05:51:15.506Z"}
{"level":"info","message":"正在连接数据库...","timestamp":"2025-08-20T05:51:47.939Z"}
{"level":"info","message":"数据库连接成功","timestamp":"2025-08-20T05:51:47.994Z"}
{"environment":"development","level":"info","message":"服务器启动成功","port":"3001","timestamp":"2025-08-20T05:51:47.997Z"}
{"level":"info","message":"正在连接数据库...","timestamp":"2025-08-20T05:53:18.557Z"}
{"level":"info","message":"数据库连接成功","timestamp":"2025-08-20T05:53:18.625Z"}
{"environment":"development","level":"info","message":"服务器启动成功","port":"3001","timestamp":"2025-08-20T05:53:18.628Z"}
{"level":"info","message":"正在连接数据库...","timestamp":"2025-08-20T05:53:38.538Z"}
{"level":"info","message":"数据库连接成功","timestamp":"2025-08-20T05:53:38.590Z"}
{"environment":"development","level":"info","message":"服务器启动成功","port":"3001","timestamp":"2025-08-20T05:53:38.593Z"}
{"level":"info","message":"正在连接数据库...","timestamp":"2025-08-20T05:55:13.505Z"}
{"level":"info","message":"数据库连接成功","timestamp":"2025-08-20T05:55:13.578Z"}
{"environment":"development","level":"info","message":"服务器启动成功","port":"3001","timestamp":"2025-08-20T05:55:13.581Z"}
{"level":"info","message":"正在连接数据库...","timestamp":"2025-08-20T05:56:00.600Z"}
{"level":"info","message":"数据库连接成功","timestamp":"2025-08-20T05:56:00.665Z"}
{"environment":"development","level":"info","message":"服务器启动成功","port":"3001","timestamp":"2025-08-20T05:56:00.669Z"}
{"level":"info","message":"正在连接数据库...","timestamp":"2025-08-20T05:56:53.536Z"}
{"level":"info","message":"数据库连接成功","timestamp":"2025-08-20T05:56:53.605Z"}
{"environment":"development","level":"info","message":"服务器启动成功","port":"3001","timestamp":"2025-08-20T05:56:53.608Z"}
{"level":"info","message":"正在连接数据库...","timestamp":"2025-08-20T05:57:05.604Z"}
{"level":"info","message":"数据库连接成功","timestamp":"2025-08-20T05:57:05.660Z"}
{"environment":"development","level":"info","message":"服务器启动成功","port":"3001","timestamp":"2025-08-20T05:57:05.662Z"}
{"level":"info","message":"正在连接数据库...","timestamp":"2025-08-20T05:58:25.227Z"}
{"level":"info","message":"数据库连接成功","timestamp":"2025-08-20T05:58:25.288Z"}
{"environment":"development","level":"info","message":"服务器启动成功","port":"3001","timestamp":"2025-08-20T05:58:25.292Z"}
{"level":"info","message":"正在连接数据库...","timestamp":"2025-08-20T05:59:34.548Z"}
{"level":"info","message":"数据库连接成功","timestamp":"2025-08-20T05:59:34.604Z"}
{"environment":"development","level":"info","message":"服务器启动成功","port":"3001","timestamp":"2025-08-20T05:59:34.608Z"}
{"level":"info","message":"正在连接数据库...","timestamp":"2025-08-20T06:00:30.808Z"}
{"level":"info","message":"数据库连接成功","timestamp":"2025-08-20T06:00:30.882Z"}
{"environment":"development","level":"info","message":"服务器启动成功","port":"3001","timestamp":"2025-08-20T06:00:30.886Z"}
{"level":"info","message":"正在连接数据库...","timestamp":"2025-08-20T06:02:09.640Z"}
{"level":"info","message":"数据库连接成功","timestamp":"2025-08-20T06:02:09.706Z"}
{"environment":"development","level":"info","message":"服务器启动成功","port":"3001","timestamp":"2025-08-20T06:02:09.709Z"}
{"level":"info","message":"正在连接数据库...","timestamp":"2025-08-20T06:02:50.155Z"}
{"level":"info","message":"数据库连接成功","timestamp":"2025-08-20T06:02:50.216Z"}
{"environment":"development","level":"info","message":"服务器启动成功","port":"3001","timestamp":"2025-08-20T06:02:50.219Z"}
{"level":"info","message":"正在连接数据库...","timestamp":"2025-08-20T06:05:46.845Z"}
{"level":"info","message":"数据库连接成功","timestamp":"2025-08-20T06:05:46.910Z"}
{"environment":"development","level":"info","message":"服务器启动成功","port":"3001","timestamp":"2025-08-20T06:05:46.914Z"}
{"level":"info","message":"收到SIGINT信号，开始优雅关闭服务器...","timestamp":"2025-08-20T06:08:21.263Z"}
{"level":"info","message":"正在连接数据库...","timestamp":"2025-08-20T08:40:26.712Z"}
{"cause":{"commonWireVersion":0,"compatible":true,"heartbeatFrequencyMS":10000,"localThresholdMS":15,"logicalSessionTimeoutMinutes":null,"maxElectionId":null,"maxSetVersion":null,"servers":{"localhost:27017":{"$clusterTime":null,"address":"localhost:27017","arbiters":[],"electionId":null,"error":{"beforeHandshake":false,"errorLabelSet":{}},"hosts":[],"iscryptd":false,"lastUpdateTime":5487028,"lastWriteDate":0,"logicalSessionTimeoutMinutes":null,"maxBsonObjectSize":null,"maxMessageSizeBytes":null,"maxWireVersion":0,"maxWriteBatchSize":null,"me":null,"minRoundTripTime":0,"minWireVersion":0,"passives":[],"primary":null,"roundTripTime":-1,"setName":null,"setVersion":null,"tags":{},"topologyVersion":null,"type":"Unknown"}},"setName":null,"stale":false,"type":"Unknown"},"errorLabelSet":{},"level":"error","message":"服务器启动失败: connect ECONNREFUSED ::1:27017, connect ECONNREFUSED 127.0.0.1:27017","reason":{"commonWireVersion":0,"compatible":true,"heartbeatFrequencyMS":10000,"localThresholdMS":15,"logicalSessionTimeoutMinutes":null,"maxElectionId":null,"maxSetVersion":null,"servers":{"localhost:27017":{"$clusterTime":null,"address":"localhost:27017","arbiters":[],"electionId":null,"error":{"beforeHandshake":false,"errorLabelSet":{}},"hosts":[],"iscryptd":false,"lastUpdateTime":5487028,"lastWriteDate":0,"logicalSessionTimeoutMinutes":null,"maxBsonObjectSize":null,"maxMessageSizeBytes":null,"maxWireVersion":0,"maxWriteBatchSize":null,"me":null,"minRoundTripTime":0,"minWireVersion":0,"passives":[],"primary":null,"roundTripTime":-1,"setName":null,"setVersion":null,"tags":{},"topologyVersion":null,"type":"Unknown"}},"setName":null,"stale":false,"type":"Unknown"},"stack":"MongooseServerSelectionError: connect ECONNREFUSED ::1:27017, connect ECONNREFUSED 127.0.0.1:27017\n    at _handleConnectionErrors (F:\\5_item\\rural-art-platform\\backend\\node_modules\\mongoose\\lib\\connection.js:1165:11)\n    at NativeConnection.openUri (F:\\5_item\\rural-art-platform\\backend\\node_modules\\mongoose\\lib\\connection.js:1096:11)\n    at async Database.connect (F:\\5_item\\rural-art-platform\\backend\\src\\config\\database.js:40:25)\n    at async startServer (F:\\5_item\\rural-art-platform\\backend\\server.js:57:7)","timestamp":"2025-08-20T08:40:31.753Z"}
{"level":"warn","message":"跳过数据库连接 - MONGODB_URI未配置","timestamp":"2025-08-20T08:41:17.987Z"}
{"environment":"development","level":"info","message":"服务器启动成功","port":"3000","timestamp":"2025-08-20T08:41:17.993Z"}
{"level":"warn","message":"跳过数据库连接 - MONGODB_URI未配置","timestamp":"2025-08-20T08:41:39.587Z"}
{"environment":"development","level":"info","message":"服务器启动成功","port":"3001","timestamp":"2025-08-20T08:41:39.593Z"}
{"level":"info","message":"收到SIGINT信号，开始优雅关闭服务器...","timestamp":"2025-08-20T08:41:53.070Z"}
{"level":"info","message":"正在连接数据库...","timestamp":"2025-08-20T08:41:55.050Z"}
{"cause":{"commonWireVersion":0,"compatible":true,"heartbeatFrequencyMS":10000,"localThresholdMS":15,"logicalSessionTimeoutMinutes":null,"maxElectionId":null,"maxSetVersion":null,"servers":{"localhost:27017":{"$clusterTime":null,"address":"localhost:27017","arbiters":[],"electionId":null,"error":{"beforeHandshake":false,"errorLabelSet":{}},"hosts":[],"iscryptd":false,"lastUpdateTime":5575379,"lastWriteDate":0,"logicalSessionTimeoutMinutes":null,"maxBsonObjectSize":null,"maxMessageSizeBytes":null,"maxWireVersion":0,"maxWriteBatchSize":null,"me":null,"minRoundTripTime":0,"minWireVersion":0,"passives":[],"primary":null,"roundTripTime":-1,"setName":null,"setVersion":null,"tags":{},"topologyVersion":null,"type":"Unknown"}},"setName":null,"stale":false,"type":"Unknown"},"errorLabelSet":{},"level":"error","message":"服务器启动失败: connect ECONNREFUSED ::1:27017, connect ECONNREFUSED 127.0.0.1:27017","reason":{"commonWireVersion":0,"compatible":true,"heartbeatFrequencyMS":10000,"localThresholdMS":15,"logicalSessionTimeoutMinutes":null,"maxElectionId":null,"maxSetVersion":null,"servers":{"localhost:27017":{"$clusterTime":null,"address":"localhost:27017","arbiters":[],"electionId":null,"error":{"beforeHandshake":false,"errorLabelSet":{}},"hosts":[],"iscryptd":false,"lastUpdateTime":5575379,"lastWriteDate":0,"logicalSessionTimeoutMinutes":null,"maxBsonObjectSize":null,"maxMessageSizeBytes":null,"maxWireVersion":0,"maxWriteBatchSize":null,"me":null,"minRoundTripTime":0,"minWireVersion":0,"passives":[],"primary":null,"roundTripTime":-1,"setName":null,"setVersion":null,"tags":{},"topologyVersion":null,"type":"Unknown"}},"setName":null,"stale":false,"type":"Unknown"},"stack":"MongooseServerSelectionError: connect ECONNREFUSED ::1:27017, connect ECONNREFUSED 127.0.0.1:27017\n    at _handleConnectionErrors (F:\\5_item\\rural-art-platform\\backend\\node_modules\\mongoose\\lib\\connection.js:1165:11)\n    at NativeConnection.openUri (F:\\5_item\\rural-art-platform\\backend\\node_modules\\mongoose\\lib\\connection.js:1096:11)\n    at async Database.connect (F:\\5_item\\rural-art-platform\\backend\\src\\config\\database.js:40:25)\n    at async startServer (F:\\5_item\\rural-art-platform\\backend\\server.js:57:7)","timestamp":"2025-08-20T08:42:00.089Z"}
{"level":"info","message":"正在连接数据库...","timestamp":"2025-08-20T08:42:54.528Z"}
{"cause":{"commonWireVersion":0,"compatible":true,"heartbeatFrequencyMS":10000,"localThresholdMS":15,"logicalSessionTimeoutMinutes":null,"maxElectionId":null,"maxSetVersion":null,"servers":{"localhost:27017":{"$clusterTime":null,"address":"localhost:27017","arbiters":[],"electionId":null,"error":{"beforeHandshake":false,"errorLabelSet":{}},"hosts":[],"iscryptd":false,"lastUpdateTime":5634822,"lastWriteDate":0,"logicalSessionTimeoutMinutes":null,"maxBsonObjectSize":null,"maxMessageSizeBytes":null,"maxWireVersion":0,"maxWriteBatchSize":null,"me":null,"minRoundTripTime":0,"minWireVersion":0,"passives":[],"primary":null,"roundTripTime":-1,"setName":null,"setVersion":null,"tags":{},"topologyVersion":null,"type":"Unknown"}},"setName":null,"stale":false,"type":"Unknown"},"errorLabelSet":{},"level":"error","message":"服务器启动失败: connect ECONNREFUSED ::1:27017, connect ECONNREFUSED 127.0.0.1:27017","reason":{"commonWireVersion":0,"compatible":true,"heartbeatFrequencyMS":10000,"localThresholdMS":15,"logicalSessionTimeoutMinutes":null,"maxElectionId":null,"maxSetVersion":null,"servers":{"localhost:27017":{"$clusterTime":null,"address":"localhost:27017","arbiters":[],"electionId":null,"error":{"beforeHandshake":false,"errorLabelSet":{}},"hosts":[],"iscryptd":false,"lastUpdateTime":5634822,"lastWriteDate":0,"logicalSessionTimeoutMinutes":null,"maxBsonObjectSize":null,"maxMessageSizeBytes":null,"maxWireVersion":0,"maxWriteBatchSize":null,"me":null,"minRoundTripTime":0,"minWireVersion":0,"passives":[],"primary":null,"roundTripTime":-1,"setName":null,"setVersion":null,"tags":{},"topologyVersion":null,"type":"Unknown"}},"setName":null,"stale":false,"type":"Unknown"},"stack":"MongooseServerSelectionError: connect ECONNREFUSED ::1:27017, connect ECONNREFUSED 127.0.0.1:27017\n    at _handleConnectionErrors (F:\\5_item\\rural-art-platform\\backend\\node_modules\\mongoose\\lib\\connection.js:1165:11)\n    at NativeConnection.openUri (F:\\5_item\\rural-art-platform\\backend\\node_modules\\mongoose\\lib\\connection.js:1096:11)\n    at async Database.connect (F:\\5_item\\rural-art-platform\\backend\\src\\config\\database.js:40:25)\n    at async startServer (F:\\5_item\\rural-art-platform\\backend\\server.js:57:7)","timestamp":"2025-08-20T08:42:59.562Z"}
{"level":"info","message":"正在连接数据库...","timestamp":"2025-08-20T08:43:21.451Z"}
{"cause":{"commonWireVersion":0,"compatible":true,"heartbeatFrequencyMS":10000,"localThresholdMS":15,"logicalSessionTimeoutMinutes":null,"maxElectionId":null,"maxSetVersion":null,"servers":{"localhost:27017":{"$clusterTime":null,"address":"localhost:27017","arbiters":[],"electionId":null,"error":{"beforeHandshake":false,"errorLabelSet":{}},"hosts":[],"iscryptd":false,"lastUpdateTime":5661783,"lastWriteDate":0,"logicalSessionTimeoutMinutes":null,"maxBsonObjectSize":null,"maxMessageSizeBytes":null,"maxWireVersion":0,"maxWriteBatchSize":null,"me":null,"minRoundTripTime":0,"minWireVersion":0,"passives":[],"primary":null,"roundTripTime":-1,"setName":null,"setVersion":null,"tags":{},"topologyVersion":null,"type":"Unknown"}},"setName":null,"stale":false,"type":"Unknown"},"errorLabelSet":{},"level":"error","message":"服务器启动失败: connect ECONNREFUSED ::1:27017, connect ECONNREFUSED 127.0.0.1:27017","reason":{"commonWireVersion":0,"compatible":true,"heartbeatFrequencyMS":10000,"localThresholdMS":15,"logicalSessionTimeoutMinutes":null,"maxElectionId":null,"maxSetVersion":null,"servers":{"localhost:27017":{"$clusterTime":null,"address":"localhost:27017","arbiters":[],"electionId":null,"error":{"beforeHandshake":false,"errorLabelSet":{}},"hosts":[],"iscryptd":false,"lastUpdateTime":5661783,"lastWriteDate":0,"logicalSessionTimeoutMinutes":null,"maxBsonObjectSize":null,"maxMessageSizeBytes":null,"maxWireVersion":0,"maxWriteBatchSize":null,"me":null,"minRoundTripTime":0,"minWireVersion":0,"passives":[],"primary":null,"roundTripTime":-1,"setName":null,"setVersion":null,"tags":{},"topologyVersion":null,"type":"Unknown"}},"setName":null,"stale":false,"type":"Unknown"},"stack":"MongooseServerSelectionError: connect ECONNREFUSED ::1:27017, connect ECONNREFUSED 127.0.0.1:27017\n    at _handleConnectionErrors (F:\\5_item\\rural-art-platform\\backend\\node_modules\\mongoose\\lib\\connection.js:1165:11)\n    at NativeConnection.openUri (F:\\5_item\\rural-art-platform\\backend\\node_modules\\mongoose\\lib\\connection.js:1096:11)\n    at async Database.connect (F:\\5_item\\rural-art-platform\\backend\\src\\config\\database.js:40:25)\n    at async startServer (F:\\5_item\\rural-art-platform\\backend\\server.js:57:7)","timestamp":"2025-08-20T08:43:26.488Z"}
{"level":"info","message":"正在连接数据库...","timestamp":"2025-08-20T08:47:18.144Z"}
{"level":"info","message":"数据库连接成功","timestamp":"2025-08-20T08:47:18.198Z"}
{"environment":"development","level":"info","message":"服务器启动成功","port":"3001","timestamp":"2025-08-20T08:47:18.200Z"}
{"level":"info","message":"正在连接数据库...","timestamp":"2025-08-20T09:03:26.069Z"}
{"level":"info","message":"数据库连接成功","timestamp":"2025-08-20T09:03:26.128Z"}
{"environment":"development","level":"info","message":"服务器启动成功","port":"3001","timestamp":"2025-08-20T09:03:26.131Z"}
{"level":"info","message":"正在连接数据库...","timestamp":"2025-08-20T09:16:10.152Z"}
{"level":"info","message":"数据库连接成功","timestamp":"2025-08-20T09:16:10.190Z"}
{"environment":"development","level":"info","message":"服务器启动成功","port":"3001","timestamp":"2025-08-20T09:16:10.193Z"}
{"level":"info","message":"正在连接数据库...","timestamp":"2025-08-20T10:00:29.514Z"}
{"level":"info","message":"数据库连接成功","timestamp":"2025-08-20T10:00:29.555Z"}
{"environment":"development","level":"info","message":"服务器启动成功","port":"3001","timestamp":"2025-08-20T10:00:29.558Z"}
{"level":"info","message":"正在连接数据库...","timestamp":"2025-08-20T10:05:10.380Z"}
{"level":"info","message":"数据库连接成功","timestamp":"2025-08-20T10:05:10.418Z"}
{"environment":"development","level":"info","message":"服务器启动成功","port":"3001","timestamp":"2025-08-20T10:05:10.421Z"}
